// Jest Snapshot v1, https://goo.gl/fbAQLP

exports[`Tests in <LoginScreen /> component should render component correctly 1`] = `
<div
  className="container login-container"
>
  <div
    className="row"
  >
    <div
      className="col-md-6 login-form-1"
    >
      <h3>
        Login
      </h3>
      <form
        onSubmit={[Function]}
      >
        <div
          className="form-group"
        >
          <input
            className="form-control"
            name="loginEmail"
            onChange={[Function]}
            placeholder="Email"
            type="text"
            value=""
          />
        </div>
        <div
          className="form-group mt-3"
        >
          <input
            className="form-control"
            name="loginPassword"
            onChange={[Function]}
            placeholder="Password"
            type="password"
            value=""
          />
        </div>
        <div
          className="form-group mt-3 d-flex justify-content-center"
        >
          <input
            className="btnSubmit"
            type="submit"
            value="Login"
          />
        </div>
        <a
          className="link mt-3 d-flex justify-content-center"
          href="/register"
          onClick={[Function]}
        >
          Create new account
        </a>
      </form>
    </div>
  </div>
</div>
`;
